<html>
<body>
<pre>
<h1>µVision Build Log</h1>
<h2>Project:</h2>
D:\ESP8266&MCU\Project\ESP8266&MCU.uvproj
Project File Date:  03/12/2017

<h2>Output:</h2>
Build target 'Target 1'
compiling main.c...
..\User\main.c(24): warning:  #111-D: statement is unreachable
        return 0;
..\User\main.c: 1 warning, 0 errors
linking...
Program Size: Code=4100 RO-data=268 RW-data=24 ZI-data=608  
FromELF: creating hex file...
"..\Object\ESP8266&MCU.axf" - 0 Error(s), 1 Warning(s).
ompiling stm32f10x_dma.c...
compiling stm32f10x_exti.c...
compiling stm32f10x_flash.c...
compiling stm32f10x_fsmc.c...
compiling stm32f10x_gpio.c...
compiling stm32f10x_i2c.c...
compiling stm32f10x_iwdg.c...
compiling stm32f10x_pwr.c...
compiling stm32f10x_rcc.c...
compiling stm32f10x_rtc.c...
compiling stm32f10x_sdio.c...
compiling stm32f10x_spi.c...
compiling stm32f10x_tim.c...
compiling stm32f10x_usart.c...
compiling stm32f10x_wwdg.c...
compiling app.c...
compiling delay.c...
compiling main.c...
..\User\main.c(24): warning:  #111-D: statement is unreachable
        return 0;
..\User\main.c: 1 warning, 0 errors
compiling stm32f10x_it.c...
..\User\stm32f10x_it.c(3): warning:  #1-D: last line of file ends without a newline
  #include "app.h"
..\User\stm32f10x_it.c: 1 warning, 0 errors
compiling USART.c...
..\User\USART.c(102): warning:  #9-D: nested comment is not allowed
        /* Whatever you require here. If the only file you are using is */ 
..\User\USART.c: 1 warning, 0 errors
linking...
Program Size: Code=4096 RO-data=268 RW-data=24 ZI-data=608  
FromELF: creating hex file...
"..\Object\ESP8266&MCU.axf" - 0 Error(s), 3 Warning(s).
