<html>
<body>
<pre>
<h1>µVision Build Log</h1>
<h2>Project:</h2>
D:\ESP8266&MCU\Project\ESP8266&MCU.uvproj
Project File Date:  03/12/2017

<h2>Output:</h2>
Build target 'Target 1'
linking...
Program Size: Code=4164 RO-data=268 RW-data=28 ZI-data=612  
FromELF: creating hex file...
"..\Object\ESP8266&MCU.axf" - 0 Error(s), 0 Warning(s).
</pre>
</body>
</html>
-D: statement is unreachable
        return 0;
..\User\main.c(13): warning:  #177-D: variable "DATA_L" was declared but never referenced
        unsigned char DATA_L,DATA_H;
..\User\main.c(13): warning:  #177-D: variable "DATA_H" was declared but never referenced
        unsigned char DATA_L,DATA_H;
..\User\main.c(46): warning:  #1-D: last line of file ends without a newline
  }
..\User\main.c: 5 warnings, 0 errors
linking...
Program Size: Code=4164 RO-data=268 RW-data=28 ZI-data=612  
FromELF: creating hex file...
"..\Object\ESP8266&MCU.axf" - 0 Error(s), 5 Warning(s).
warning, 0 errors
compiling USART.c...
..\User\USART.c(102): warning:  #9-D: nested comment is not allowed
        /* Whatever you require here. If the only file you are using is */ 
..\User\USART.c(210): warning:  #1-D: last line of file ends without a newline
  }
..\User\USART.c: 2 warnings, 0 errors
linking...
Program Size: Code=4124 RO-data=268 RW-data=28 ZI-data=612  
FromELF: creating hex file...
"..\Object\ESP8266&MCU.axf" - 0 Error(s), 8 Warning(s).
. If the only file you are using is */ 
..\User\USART.c: 1 warning, 0 errors
linking...
Program Size: Code=4096 RO-data=268 RW-data=24 ZI-data=608  
FromELF: creating hex file...
"..\Object\ESP8266&MCU.axf" - 0 Error(s), 3 Warning(s).
